// Vitest Snapshot v1, https://vitest.dev/guide/snapshot.html

exports[`Public API Surface — @tutors/tutors-gen-lib > should export generation functions 1`] = `
[
  "parseCourse",
  "copyAssets",
  "decorateCourse",
  "generateDynamicCourse",
  "generateStaticCourse",
]
`;

exports[`Public API Surface — @tutors/tutors-gen-lib > should maintain stable export names 1`] = `
[
  "copyAssets",
  "decorateCourse",
  "generateDynamicCourse",
  "generateStaticCourse",
  "parseCourse",
]
`;
